#-----------------------------------------------------------
# Vivado v2018.3 (64-bit)
# SW Build 2405991 on Thu Dec  6 23:38:27 MST 2018
# IP Build 2404404 on Fri Dec  7 01:43:56 MST 2018
# Start of session at: Wed Aug 17 23:20:15 2022
# Process ID: 10512
# Current directory: C:/Users/hikar/Desktop/lab2/project_lab_1
# Command line: vivado.exe -gui_launcher_event rodinguilauncherevent15124 C:\Users\hikar\Desktop\lab2\project_lab_1\project_lab_1.xpr
# Log file: C:/Users/hikar/Desktop/lab2/project_lab_1/vivado.log
# Journal file: C:/Users/hikar/Desktop/lab2/project_lab_1\vivado.jou
#-----------------------------------------------------------
start_gui
open_project C:/Users/hikar/Desktop/lab2/project_lab_1/project_lab_1.xpr
update_compile_order -fileset sources_1
synth_design -rtl -name rtl_1
launch_runs impl_1 -to_step write_bitstream -jobs 6
wait_on_run impl_1
refresh_design
create_bd_design "design_1"
update_compile_order -fileset sources_1
export_ip_user_files -of_objects  [get_files C:/Users/hikar/Desktop/lab2/project_lab_1/project_lab_1.srcs/sources_1/bd/design_1/design_1.bd] -no_script -reset -force -quiet
remove_files  C:/Users/hikar/Desktop/lab2/project_lab_1/project_lab_1.srcs/sources_1/bd/design_1/design_1.bd
