#-----------------------------------------------------------
# Vivado v2018.3 (64-bit)
# SW Build 2405991 on Thu Dec  6 23:38:27 MST 2018
# IP Build 2404404 on Fri Dec  7 01:43:56 MST 2018
# Start of session at: Tue Aug 30 01:45:05 2022
# Process ID: 2156
# Current directory: C:/Users/hikar/Desktop/lab4/project_lab_1
# Command line: vivado.exe -gui_launcher_event rodinguilauncherevent7356 C:\Users\hikar\Desktop\lab4\project_lab_1\project_lab_1.xpr
# Log file: C:/Users/hikar/Desktop/lab4/project_lab_1/vivado.log
# Journal file: C:/Users/hikar/Desktop/lab4/project_lab_1\vivado.jou
#-----------------------------------------------------------
start_gui
open_project C:/Users/hikar/Desktop/lab4/project_lab_1/project_lab_1.xpr
update_compile_order -fileset sources_1
launch_simulation
open_wave_config C:/Users/hikar/Desktop/lab4/project_lab_1/Lab6_TB_behav.wcfg
source Lab6_TB.tcl
close_sim
launch_simulation
open_wave_config C:/Users/hikar/Desktop/lab4/project_lab_1/Lab6_TB_behav.wcfg
source Lab6_TB.tcl
synth_design -rtl -name rtl_1
close_sim
launch_simulation
open_wave_config C:/Users/hikar/Desktop/lab4/project_lab_1/Lab6_TB_behav.wcfg
source Lab6_TB.tcl
close_sim
launch_simulation
open_wave_config C:/Users/hikar/Desktop/lab4/project_lab_1/Lab6_TB_behav.wcfg
source Lab6_TB.tcl
save_wave_config {C:/Users/hikar/Desktop/lab4/project_lab_1/Lab6_TB_behav.wcfg}
save_wave_config {C:/Users/hikar/Desktop/lab4/project_lab_1/Lab6_TB_behav.wcfg}
save_wave_config {C:/Users/hikar/Desktop/lab4/project_lab_1/Lab6_TB_behav.wcfg}
save_wave_config {C:/Users/hikar/Desktop/lab4/project_lab_1/Lab6_TB_behav.wcfg}
close_sim
